Release 14.7 - xst P.20131013 (nt64)
Copyright (c) 1995-2013 Xilinx, Inc.  All rights reserved.
--> Parameter TMPDIR set to xst/projnav.tmp


Total REAL time to Xst completion: 1.00 secs
Total CPU time to Xst completion: 0.72 secs
 
--> Parameter xsthdpdir set to xst


Total REAL time to Xst completion: 1.00 secs
Total CPU time to Xst completion: 0.72 secs
 
--> Reading design: vga.prj

TABLE OF CONTENTS
  1) Synthesis Options Summary
  2) HDL Compilation
  3) Design Hierarchy Analysis
  4) HDL Analysis
  5) HDL Synthesis
     5.1) HDL Synthesis Report
  6) Advanced HDL Synthesis
     6.1) Advanced HDL Synthesis Report
  7) Low Level Synthesis
  8) Partition Report
  9) Final Report
	9.1) Device utilization summary
	9.2) Partition Resource Summary
	9.3) TIMING REPORT


=========================================================================
*                      Synthesis Options Summary                        *
=========================================================================
---- Source Parameters
Input File Name                    : "vga.prj"
Input Format                       : mixed
Ignore Synthesis Constraint File   : NO

---- Target Parameters
Output File Name                   : "vga"
Output Format                      : NGC
Target Device                      : xc3s500e-5-fg320

---- Source Options
Top Module Name                    : vga
Automatic FSM Extraction           : YES
FSM Encoding Algorithm             : Auto
Safe Implementation                : No
FSM Style                          : LUT
RAM Extraction                     : Yes
RAM Style                          : Auto
ROM Extraction                     : Yes
Mux Style                          : Auto
Decoder Extraction                 : YES
Priority Encoder Extraction        : Yes
Shift Register Extraction          : YES
Logical Shifter Extraction         : YES
XOR Collapsing                     : YES
ROM Style                          : Auto
Mux Extraction                     : Yes
Resource Sharing                   : YES
Asynchronous To Synchronous        : NO
Multiplier Style                   : Auto
Automatic Register Balancing       : No

---- Target Options
Add IO Buffers                     : YES
Global Maximum Fanout              : 500
Add Generic Clock Buffer(BUFG)     : 24
Register Duplication               : YES
Slice Packing                      : YES
Optimize Instantiated Primitives   : NO
Use Clock Enable                   : Yes
Use Synchronous Set                : Yes
Use Synchronous Reset              : Yes
Pack IO Registers into IOBs        : Auto
Equivalent register Removal        : YES

---- General Options
Optimization Goal                  : Speed
Optimization Effort                : 1
Keep Hierarchy                     : No
Netlist Hierarchy                  : As_Optimized
RTL Output                         : Yes
Global Optimization                : AllClockNets
Read Cores                         : YES
Write Timing Constraints           : NO
Cross Clock Analysis               : NO
Hierarchy Separator                : /
Bus Delimiter                      : <>
Case Specifier                     : Maintain
Slice Utilization Ratio            : 100
BRAM Utilization Ratio             : 100
Verilog 2001                       : YES
Auto BRAM Packing                  : NO
Slice Utilization Ratio Delta      : 5

=========================================================================


=========================================================================
*                          HDL Compilation                              *
=========================================================================
Compiling vhdl file "D:/Users/Mati/Desktop/5 semestr/syf/wtorektest/picture.vhd" in Library work.
Entity <picture> compiled.
Entity <picture> (Architecture <Behavioral>) compiled.
Compiling vhdl file "D:/Users/Mati/Desktop/5 semestr/syf/wtorektest/vga_driver.vhd" in Library work.
Entity <vga_driver> compiled.
Entity <vga_driver> (Architecture <Behavioral>) compiled.
Compiling vhdl file "D:/Users/Mati/Desktop/5 semestr/syf/wtorektest/vga.vhf" in Library work.
Entity <vga> compiled.
Entity <vga> (Architecture <BEHAVIORAL>) compiled.

=========================================================================
*                     Design Hierarchy Analysis                         *
=========================================================================
Analyzing hierarchy for entity <vga> in library <work> (architecture <BEHAVIORAL>).

Analyzing hierarchy for entity <picture> in library <work> (architecture <Behavioral>).

Analyzing hierarchy for entity <vga_driver> in library <work> (architecture <Behavioral>).


=========================================================================
*                            HDL Analysis                               *
=========================================================================
Analyzing Entity <vga> in library <work> (Architecture <BEHAVIORAL>).
Entity <vga> analyzed. Unit <vga> generated.

Analyzing Entity <picture> in library <work> (Architecture <Behavioral>).
Entity <picture> analyzed. Unit <picture> generated.

Analyzing Entity <vga_driver> in library <work> (Architecture <Behavioral>).
Entity <vga_driver> analyzed. Unit <vga_driver> generated.


=========================================================================
*                           HDL Synthesis                               *
=========================================================================

Performing bidirectional port resolution...

Synthesizing Unit <picture>.
    Related source file is "D:/Users/Mati/Desktop/5 semestr/syf/wtorektest/picture.vhd".
WARNING:Xst:646 - Signal <y_s> is assigned but never used. This unconnected signal will be trimmed during the optimization process.
    Found 10-bit comparator lessequal for signal <RGB$cmp_le0000> created at line 36.
    Found 10-bit comparator lessequal for signal <RGB$cmp_le0001> created at line 36.
    Summary:
	inferred   2 Comparator(s).
Unit <picture> synthesized.


Synthesizing Unit <vga_driver>.
    Related source file is "D:/Users/Mati/Desktop/5 semestr/syf/wtorektest/vga_driver.vhd".
    Found 1-bit register for signal <clk_25>.
    Found 10-bit up counter for signal <h_cnt>.
    Found 10-bit comparator less for signal <h_cnt$cmp_lt0000> created at line 69.
    Found 10-bit subtractor for signal <PIX_X$addsub0000> created at line 103.
    Found 10-bit comparator greatequal for signal <PIX_X$cmp_ge0000> created at line 102.
    Found 10-bit comparator greatequal for signal <PIX_X$cmp_ge0001> created at line 102.
    Found 10-bit comparator less for signal <PIX_X$cmp_lt0000> created at line 102.
    Found 10-bit comparator less for signal <PIX_X$cmp_lt0001> created at line 102.
    Found 9-bit subtractor for signal <PIX_Y$addsub0000> created at line 104.
    Found 10-bit up counter for signal <v_cnt>.
    Found 10-bit comparator less for signal <v_cnt$cmp_lt0000> created at line 73.
    Found 10-bit comparator less for signal <VGA_HS$cmp_lt0000> created at line 84.
    Found 10-bit comparator less for signal <VGA_VS$cmp_lt0000> created at line 93.
    Summary:
	inferred   2 Counter(s).
	inferred   1 D-type flip-flop(s).
	inferred   2 Adder/Subtractor(s).
	inferred   8 Comparator(s).
Unit <vga_driver> synthesized.


Synthesizing Unit <vga>.
    Related source file is "D:/Users/Mati/Desktop/5 semestr/syf/wtorektest/vga.vhf".
Unit <vga> synthesized.


=========================================================================
HDL Synthesis Report

Macro Statistics
# Adders/Subtractors                                   : 2
 10-bit subtractor                                     : 1
 9-bit subtractor                                      : 1
# Counters                                             : 2
 10-bit up counter                                     : 2
# Registers                                            : 1
 1-bit register                                        : 1
# Comparators                                          : 10
 10-bit comparator greatequal                          : 2
 10-bit comparator less                                : 6
 10-bit comparator lessequal                           : 2

=========================================================================

=========================================================================
*                       Advanced HDL Synthesis                          *
=========================================================================


=========================================================================
Advanced HDL Synthesis Report

Macro Statistics
# Adders/Subtractors                                   : 2
 10-bit subtractor                                     : 1
 9-bit subtractor                                      : 1
# Counters                                             : 2
 10-bit up counter                                     : 2
# Registers                                            : 1
 Flip-Flops                                            : 1
# Comparators                                          : 10
 10-bit comparator greatequal                          : 2
 10-bit comparator less                                : 6
 10-bit comparator lessequal                           : 2

=========================================================================

=========================================================================
*                         Low Level Synthesis                           *
=========================================================================

Optimizing unit <vga> ...

Optimizing unit <vga_driver> ...

Mapping all equations...
Building and optimizing final netlist ...
Found area constraint ratio of 100 (+ 5) on block vga, actual ratio is 0.

Final Macro Processing ...

=========================================================================
Final Register Report

Macro Statistics
# Registers                                            : 21
 Flip-Flops                                            : 21

=========================================================================

=========================================================================
*                           Partition Report                            *
=========================================================================

Partition Implementation Status
-------------------------------

  No Partitions were found in this design.

-------------------------------

=========================================================================
*                            Final Report                               *
=========================================================================
Final Results
RTL Top Level Output File Name     : vga.ngr
Top Level Output File Name         : vga
Output Format                      : NGC
Optimization Goal                  : Speed
Keep Hierarchy                     : No

Design Statistics
# IOs                              : 6

Cell Usage :
# BELS                             : 108
#      GND                         : 1
#      INV                         : 2
#      LUT1                        : 18
#      LUT2                        : 8
#      LUT2_L                      : 1
#      LUT3                        : 4
#      LUT4                        : 28
#      LUT4_L                      : 1
#      MUXCY                       : 18
#      MUXF5                       : 6
#      VCC                         : 1
#      XORCY                       : 20
# FlipFlops/Latches                : 21
#      FDR                         : 11
#      FDRE                        : 10
# Clock Buffers                    : 2
#      BUFG                        : 1
#      BUFGP                       : 1
# IO Buffers                       : 5
#      OBUF                        : 5
=========================================================================

Device utilization summary:
---------------------------

Selected Device : 3s500efg320-5 

 Number of Slices:                       36  out of   4656     0%  
 Number of Slice Flip Flops:             21  out of   9312     0%  
 Number of 4 input LUTs:                 62  out of   9312     0%  
 Number of IOs:                           6
 Number of bonded IOBs:                   6  out of    232     2%  
 Number of GCLKs:                         2  out of     24     8%  

---------------------------
Partition Resource Summary:
---------------------------

  No Partitions were found in this design.

---------------------------


=========================================================================
TIMING REPORT

NOTE: THESE TIMING NUMBERS ARE ONLY A SYNTHESIS ESTIMATE.
      FOR ACCURATE TIMING INFORMATION PLEASE REFER TO THE TRACE REPORT
      GENERATED AFTER PLACE-and-ROUTE.

Clock Information:
------------------
-----------------------------------+------------------------+-------+
Clock Signal                       | Clock buffer(FF name)  | Load  |
-----------------------------------+------------------------+-------+
XLXI_2/clk_251                     | BUFG                   | 20    |
CLK_50MHZ                          | BUFGP                  | 1     |
-----------------------------------+------------------------+-------+

Asynchronous Control Signals Information:
----------------------------------------
No asynchronous control signals found in this design

Timing Summary:
---------------
Speed Grade: -5

   Minimum period: 5.305ns (Maximum Frequency: 188.510MHz)
   Minimum input arrival time before clock: No path found
   Maximum output required time after clock: 14.573ns
   Maximum combinational path delay: No path found

Timing Detail:
--------------
All values displayed in nanoseconds (ns)

=========================================================================
Timing constraint: Default period analysis for Clock 'XLXI_2/clk_251'
  Clock period: 5.305ns (frequency: 188.510MHz)
  Total number of paths / destination ports: 520 / 50
-------------------------------------------------------------------------
Delay:               5.305ns (Levels of Logic = 3)
  Source:            XLXI_2/v_cnt_3 (FF)
  Destination:       XLXI_2/v_cnt_9 (FF)
  Source Clock:      XLXI_2/clk_251 rising
  Destination Clock: XLXI_2/clk_251 rising

  Data Path: XLXI_2/v_cnt_3 to XLXI_2/v_cnt_9
                                Gate     Net
    Cell:in->out      fanout   Delay   Delay  Logical Name (Net Name)
    ----------------------------------------  ------------
     FDRE:C->Q             5   0.514   0.690  XLXI_2/v_cnt_3 (XLXI_2/v_cnt_3)
     LUT2:I0->O            1   0.612   0.360  XLXI_2/v_cnt_and00000 (XLXI_2/v_cnt_and00000)
     LUT4:I3->O            1   0.612   0.360  XLXI_2/h_cnt_cmp_lt0000233_SW0 (N7)
     LUT4:I3->O           10   0.612   0.750  XLXI_2/v_cnt_and000021 (XLXI_2/v_cnt_and0000)
     FDRE:R                    0.795          XLXI_2/v_cnt_0
    ----------------------------------------
    Total                      5.305ns (3.145ns logic, 2.160ns route)
                                       (59.3% logic, 40.7% route)

=========================================================================
Timing constraint: Default period analysis for Clock 'CLK_50MHZ'
  Clock period: 1.689ns (frequency: 592.084MHz)
  Total number of paths / destination ports: 1 / 1
-------------------------------------------------------------------------
Delay:               1.689ns (Levels of Logic = 0)
  Source:            XLXI_2/clk_25 (FF)
  Destination:       XLXI_2/clk_25 (FF)
  Source Clock:      CLK_50MHZ rising
  Destination Clock: CLK_50MHZ rising

  Data Path: XLXI_2/clk_25 to XLXI_2/clk_25
                                Gate     Net
    Cell:in->out      fanout   Delay   Delay  Logical Name (Net Name)
    ----------------------------------------  ------------
     FDR:C->Q              2   0.514   0.380  XLXI_2/clk_25 (XLXI_2/clk_251)
     FDR:R                     0.795          XLXI_2/clk_25
    ----------------------------------------
    Total                      1.689ns (1.309ns logic, 0.380ns route)
                                       (77.5% logic, 22.5% route)

=========================================================================
Timing constraint: Default OFFSET OUT AFTER for Clock 'XLXI_2/clk_251'
  Total number of paths / destination ports: 1602 / 5
-------------------------------------------------------------------------
Offset:              14.573ns (Levels of Logic = 10)
  Source:            XLXI_2/h_cnt_5 (FF)
  Destination:       VGA_G (PAD)
  Source Clock:      XLXI_2/clk_251 rising

  Data Path: XLXI_2/h_cnt_5 to VGA_G
                                Gate     Net
    Cell:in->out      fanout   Delay   Delay  Logical Name (Net Name)
    ----------------------------------------  ------------
     FDR:C->Q              9   0.514   0.727  XLXI_2/h_cnt_5 (XLXI_2/h_cnt_5)
     LUT3:I2->O            3   0.612   0.520  XLXI_2/PIX_X_cmp_lt000021 (XLXI_2/N4)
     LUT4:I1->O            1   0.612   0.426  XLXI_2/PIX_X_and0000118 (XLXI_2/PIX_X_and0000118)
     LUT3:I1->O            1   0.612   0.360  XLXI_2/PIX_X_and0000120 (XLXI_2/PIX_X_and0000120)
     LUT4:I3->O           13   0.612   0.988  XLXI_2/PIX_X_and0000139 (XLXI_2/PIX_X_and0000)
     LUT2:I0->O            2   0.612   0.532  XLXI_2/PIX_X<3>1 (XLXN_3<3>)
     LUT4:I0->O            1   0.612   0.509  XLXN_1<2>219 (XLXN_1<2>219)
     LUT4:I0->O            1   0.612   0.360  XLXN_1<2>251_SW0 (N14)
     LUT4:I3->O            3   0.612   0.603  XLXN_1<2>251 (XLXN_1<2>)
     LUT4:I0->O            1   0.612   0.357  XLXI_2/VGA_G1 (VGA_G_OBUF)
     OBUF:I->O                 3.169          VGA_G_OBUF (VGA_G)
    ----------------------------------------
    Total                     14.573ns (9.191ns logic, 5.382ns route)
                                       (63.1% logic, 36.9% route)

=========================================================================


Total REAL time to Xst completion: 9.00 secs
Total CPU time to Xst completion: 9.16 secs
 
--> 

Total memory usage is 4514224 kilobytes

Number of errors   :    0 (   0 filtered)
Number of warnings :    1 (   0 filtered)
Number of infos    :    0 (   0 filtered)

